Instruction Distribution Analysis
========================================
Total instructions: 50
----------------------------------------
br           |    6 |  12.00%
eq           |    6 |  12.00%
const        |    5 |  10.00%
ret          |    5 |  10.00%
add          |    4 |   8.00%
id           |    4 |   8.00%
call         |    3 |   6.00%
ptradd       |    3 |   6.00%
sub          |    3 |   6.00%
jmp          |    2 |   4.00%
load         |    2 |   4.00%
alloc        |    1 |   2.00%
free         |    1 |   2.00%
le           |    1 |   2.00%
lt           |    1 |   2.00%
or           |    1 |   2.00%
print        |    1 |   2.00%
store        |    1 |   2.00%
