Basic Blocks:
========================================

Block 'b1':
  v0 = const 1
  v1 = const 2
  v2 = add v0 v1
  print v2
  ret

Control Flow Graph (main):
========================================
b1 -> exit
